<html>
<body>
<pre>
<h1>µVision Build Log</h1>
<h2>Tool Versions:</h2>
IDE-Version: µVision V5.26.2.0
Copyright (C) 2018 ARM Ltd and ARM Germany GmbH. All rights reserved.
License Information: Lafiz Maruf, signal stream, LIC=----
 
Tool Versions:
Toolchain:       MDK-Lite  Version: 5.26.2.0
Toolchain Path:  C:\Keil_v5\ARM\ARMCC\Bin
C Compiler:      Armcc.exe V5.06 update 6 (build 750)
Assembler:       Armasm.exe V5.06 update 6 (build 750)
Linker/Locator:  ArmLink.exe V5.06 update 6 (build 750)
Library Manager: ArmAr.exe V5.06 update 6 (build 750)
Hex Converter:   FromElf.exe V5.06 update 6 (build 750)
CPU DLL:         SARMCM3.DLL V5.26.2.0
Dialog DLL:      DCM.DLL V1.17.2.0
Target DLL:      STLink\ST-LINKIII-KEIL_SWO.dll V3.0.5.0
Dialog DLL:      TCM.DLL V1.36.1.0
 
<h2>Project:</h2>
E:\Study\Firmware\Projects\USART__even_odd_with_TIM1\usart_with_tim1.uvprojx
Project File Date:  04/20/2019

<h2>Output:</h2>
*** Using Compiler 'V5.06 update 6 (build 750)', folder: 'C:\Keil_v5\ARM\ARMCC\Bin'
Rebuild target 'Target 1'
assembling startup_stm32f446xx.s...
compiling system_stm32f4xx.c...
compiling usart_with_timer.c...
usart_with_timer.c(31): warning:  #1295-D: Deprecated declaration initialize_tim1 - give arg types
  void initialize_tim1();
usart_with_timer.c(44): warning:  #1295-D: Deprecated declaration handleTxeUSART1 - give arg types
  void handleTxeUSART1();
usart_with_timer.c(45): warning:  #1295-D: Deprecated declaration handleRxneUSART1 - give arg types
  void handleRxneUSART1();
usart_with_timer.c(47): warning:  #1295-D: Deprecated declaration handleTxeUSART3 - give arg types
  void handleTxeUSART3();
usart_with_timer.c(48): warning:  #1295-D: Deprecated declaration handleRxneUSART3 - give arg types
  void handleRxneUSART3();
usart_with_timer.c(51): warning:  #1295-D: Deprecated declaration send_odd - give arg types
  void send_odd();
usart_with_timer.c(52): warning:  #1295-D: Deprecated declaration send_even - give arg types
  void send_even();
usart_with_timer.c: 7 warnings, 0 errors
linking...
Program Size: Code=2316 RO-data=484 RW-data=28 ZI-data=4692  
".\Objects\usart_with_tim1.axf" - 0 Error(s), 7 Warning(s).

<h2>Software Packages used:</h2>

Package Vendor: ARM
                http://www.keil.com/pack/ARM.CMSIS.5.5.1.pack
                ARM.CMSIS.5.5.1
                CMSIS (Cortex Microcontroller Software Interface Standard)
   * Component: CORE Version: 5.2.0

Package Vendor: Keil
                http://www.keil.com/pack/Keil.STM32F4xx_DFP.2.13.0.pack
                Keil.STM32F4xx_DFP.2.13.0
                STMicroelectronics STM32F4 Series Device Support, Drivers and Examples
   * Component: Startup Version: 2.6.2

<h2>Collection of Component include folders:</h2>
  .\RTE\_Target_1
  C:\Keil_v5\ARM\PACK\ARM\CMSIS\5.5.1\CMSIS\Core\Include
  C:\Keil_v5\ARM\PACK\Keil\STM32F4xx_DFP\2.13.0\Drivers\CMSIS\Device\ST\STM32F4xx\Include

<h2>Collection of Component Files used:</h2>

   * Component: ARM::CMSIS:CORE:5.2.0

   * Component: Keil::Device:Startup:2.6.2
      Include file:  Drivers\CMSIS\Device\ST\STM32F4xx\Include\stm32f4xx.h
      Source file:   MDK\Device\Source\ARM\STM32F446xx_OPT.s
      Source file:   Drivers\CMSIS\Device\ST\STM32F4xx\Source\Templates\arm\startup_stm32f446xx.s
      Source file:   MDK\Device\Source\ARM\STM32F4xx_OTP.s
      Source file:   Drivers\CMSIS\Device\ST\STM32F4xx\Source\Templates\system_stm32f4xx.c
Build Time Elapsed:  00:00:01
</pre>
</body>
</html>
